
Questa PropCheck Version 2020.2_1 linux_x86_64 27 May 2020

****************************************************************************************
PropCheck Setting Report
Created Sun May 30 13:57:29 2021
****************************************************************************************


****************************************************************************************
Section A:  Global Directives
****************************************************************************************

netlist clock directive
----------------------------------------------------------------------------------------
netlist clock clk_i  [Inferred]

netlist constraint directive
----------------------------------------------------------------------------------------
netlist constraint rst_i  -value 1'b0 -after_init  [Inferred]
netlist constraint rst_i  -value 1'b1 -during_init  [Inferred]

netlist reset directive
----------------------------------------------------------------------------------------
netlist reset rst_i -active_high  [Inferred]


****************************************************************************************
Section B:  Unmatched Global Directives
****************************************************************************************


****************************************************************************************
Section C:  Wild Card Expansion for Global Directives
****************************************************************************************
